// Jest Snapshot v1, https://goo.gl/fbAQLP

exports[`Help component renders Help 1`] = `
<DocumentFragment>
  <div />
</DocumentFragment>
`;
