// Jest Snapshot v1, https://goo.gl/fbAQLP

exports[`History component renders History 1`] = `
<DocumentFragment>
  <div />
</DocumentFragment>
`;
