// Jest Snapshot v1, https://goo.gl/fbAQLP

exports[`UserInterface component renders UserInterface 1`] = `
<DocumentFragment>
  <main
    class="UserInterface"
  >
    <form
      class="formElement"
    >
      <div
        class="URLInput"
      >
        <input
          name="url"
          placeholder="URL to query ..."
          value=""
        />
        <button
          type="submit"
        >
          Go
        </button>
      </div>
      <div
        class="buttonContainer"
      >
        <label
          for="GET"
        >
          GET
          <input
            id="GET"
            name="method"
            type="radio"
            value="GET"
          />
        </label>
        <label
          for="PUT"
        >
          PUT
          <input
            id="PUT"
            name="method"
            type="radio"
            value="PUT"
          />
        </label>
        <label
          for="POST"
        >
          POST
          <input
            id="POST"
            name="method"
            type="radio"
            value="POST"
          />
        </label>
        <label
          for="DELETE"
        >
          DELETE
          <input
            id="DELETE"
            name="method"
            type="radio"
            value="DELETE"
          />
        </label>
      </div>
      <div
        class="JSONInput"
      >
        <textarea
          class="textArea"
          name="json"
        />
      </div>
    </form>
  </main>
</DocumentFragment>
`;
